[BUG]: Command '['C:\\Python314\\python.exe', '-m', 'PyInstaller', '--clean', '--distpath', 'protected', '--workpath', '.pyarmor\\pack\\build', 'main.patched.spec']' returned non-zero exit status 1.

## Command Line
C:\Python314\Scripts\pyarmor gen --pack main.spec -O protected main.py

## Environments
Python 3.14.3
Pyarmor 9.2.6 (trial), 000000, non-profits
Platform windows.x86_64
Native windows.amd64
Home C:\Users\Mi PC\.pyarmor

## Traceback
Traceback (most recent call last):
  File "C:\Python314\Lib\site-packages\pyarmor\cli\__main__.py", line 804, in main
    main_entry(sys.argv[1:])
    ~~~~~~~~~~^^^^^^^^^^^^^^
  File "C:\Python314\Lib\site-packages\pyarmor\cli\__main__.py", line 789, in main_entry
    return args.func(ctx, args)
           ~~~~~~~~~^^^^^^^^^^^
  File "C:\Python314\Lib\site-packages\pyarmor\cli\__main__.py", line 246, in cmd_gen
    packer.build()
    ~~~~~~~~~~~~^^
  File "C:\Python314\Lib\site-packages\pyarmor\cli\repack.py", line 338, in build
    check_call(cmdlist)
    ~~~~~~~~~~^^^^^^^^^
  File "C:\Python314\Lib\subprocess.py", line 419, in check_call
    raise CalledProcessError(retcode, cmd)
subprocess.CalledProcessError: Command '['C:\\Python314\\python.exe', '-m', 'PyInstaller', '--clean', '--distpath', 'protected', '--workpath', '.pyarmor\\pack\\build', 'main.patched.spec']' returned non-zero exit status 1.


